#-----------------------------------------------------------
# Vivado v2025.2 (64-bit)
# SW Build 6299465 on Fri Nov 14 19:35:11 GMT 2025
# IP Build 6300035 on Fri Nov 14 10:48:45 MST 2025
# SharedData Build 6298862 on Thu Nov 13 04:50:51 MST 2025
# Start of session at: Wed Jun 17 18:37:30 2026
# Process ID         : 10500
# Current directory  : C:/Users/user2/Desktop/FPGA_CNC - homing/FPGA_CNC.runs/impl_1
# Command line       : vivado.exe -log top_level.vdi -applog -product Vivado -messageDb vivado.pb -mode batch -source top_level.tcl -notrace
# Log file           : C:/Users/user2/Desktop/FPGA_CNC - homing/FPGA_CNC.runs/impl_1/top_level.vdi
# Journal file       : C:/Users/user2/Desktop/FPGA_CNC - homing/FPGA_CNC.runs/impl_1\vivado.jou
# Running On         : funda05
# Platform           : Windows Server 2016 or Windows 10
# Operating System   : 22631
# Processor Detail   : 13th Gen Intel(R) Core(TM) i7-13700
# CPU Frequency      : 2112 MHz
# CPU Physical cores : 16
# CPU Logical cores  : 24
# Host memory        : 33942 MB
# Swap memory        : 5100 MB
# Total Virtual      : 39042 MB
# Available Virtual  : 28497 MB
#-----------------------------------------------------------
source top_level.tcl -notrace
